<html>
<body>
<pre>
<h1>µVision Build Log</h1>
<h2>Tool Versions:</h2>
IDE-Version: µVision V5.33.0.0
Copyright (C) 2020 ARM Ltd and ARM Germany GmbH. All rights reserved.
License Information: Victor Lopez, UPM, LIC=----
 
Tool Versions:
Toolchain:       MDK-Lite  Version: 5.33.0.0
Toolchain Path:  C:\Keil_v5\ARM\ARMCC\Bin
C Compiler:      Armcc.exe V5.06 update 7 (build 960)
Assembler:       Armasm.exe V5.06 update 7 (build 960)
Linker/Locator:  ArmLink.exe V5.06 update 7 (build 960)
Library Manager: ArmAr.exe V5.06 update 7 (build 960)
Hex Converter:   FromElf.exe V5.06 update 7 (build 960)
CPU DLL:         SARMCM3.DLL V5.33.0.0
Dialog DLL:      DARMCM1.DLL V1.19.4.0
Target DLL:      UL2CM3.DLL V1.163.9.0
Dialog DLL:      TARMCM1.DLL V1.14.3.0
 
<h2>Project:</h2>
E:\V\Universidad\4o Cuatrimestre\Microprocesadores\MICR\EX3\MICR.uvprojx
Project File Date:  03/02/2021

<h2>Output:</h2>
*** Using Compiler 'V5.06 update 7 (build 960)', folder: 'C:\Keil_v5\ARM\ARMCC\Bin'
Rebuild target 'Cortex-M0'
assembling asm.s...
asm.s(31): warning: A1581W: Added 2 bytes of padding at address 0x22
linking...
Program Size: Code=44 RO-data=8 RW-data=0 ZI-data=0  
".\~build\Cortex_M0.axf" - 0 Error(s), 1 Warning(s).

<h2>Software Packages used:</h2>

Package Vendor: Keil
                http://www.keil.com/pack/Keil.LPC1100_DFP.1.4.0.pack
                Keil.LPC1100_DFP.1.4.0
                NXP LPC1100 Series Device Support

<h2>Collection of Component include folders:</h2>
  E:\Program Files (x86)\Arm\Packs\Keil\LPC1100_DFP\1.4.0\Device\Include\LPC11Axx

<h2>Collection of Component Files used:</h2>
Build Time Elapsed:  00:00:00
</pre>
</body>
</html>
